// Jest Snapshot v1, https://goo.gl/fbAQLP

exports[`teste de Snapshot Componentes de Home 1`] = `
<View
  style={
    Object {
      "flex": 1,
    }
  }
>
  <View
    accessible={true}
    focusable={true}
    onClick={[Function]}
    onResponderGrant={[Function]}
    onResponderMove={[Function]}
    onResponderRelease={[Function]}
    onResponderTerminate={[Function]}
    onResponderTerminationRequest={[Function]}
    onStartShouldSetResponder={[Function]}
    style={
      Object {
        "alignItems": "center",
        "backgroundColor": "#00ff40",
        "borderRadius": 20,
        "height": 40,
        "justifyContent": "center",
        "margin": "auto",
        "marginVertical": 10,
        "padding": 10,
        "width": 200,
      }
    }
    testID="bt"
  >
    <Text
      testID="btn"
    >
      DG
    </Text>
  </View>
  <View
    accessible={true}
    focusable={true}
    onClick={[Function]}
    onResponderGrant={[Function]}
    onResponderMove={[Function]}
    onResponderRelease={[Function]}
    onResponderTerminate={[Function]}
    onResponderTerminationRequest={[Function]}
    onStartShouldSetResponder={[Function]}
    style={
      Object {
        "alignItems": "center",
        "backgroundColor": "#00ff40",
        "borderRadius": 20,
        "height": 40,
        "justifyContent": "center",
        "margin": "auto",
        "marginVertical": 10,
        "padding": 10,
        "width": 200,
      }
    }
    testID="bt2"
  >
    <Text
      testID="btn1"
    >
      GABIN
    </Text>
  </View>
  <View
    accessible={true}
    focusable={true}
    onClick={[Function]}
    onResponderGrant={[Function]}
    onResponderMove={[Function]}
    onResponderRelease={[Function]}
    onResponderTerminate={[Function]}
    onResponderTerminationRequest={[Function]}
    onStartShouldSetResponder={[Function]}
    style={
      Object {
        "alignItems": "center",
        "backgroundColor": "#00ff40",
        "borderRadius": 20,
        "height": 40,
        "justifyContent": "center",
        "margin": "auto",
        "marginVertical": 10,
        "padding": 10,
        "width": 200,
      }
    }
  >
    <Text
      testID="btn2"
    >
      CTI
    </Text>
  </View>
  <View
    accessible={true}
    focusable={true}
    onClick={[Function]}
    onResponderGrant={[Function]}
    onResponderMove={[Function]}
    onResponderRelease={[Function]}
    onResponderTerminate={[Function]}
    onResponderTerminationRequest={[Function]}
    onStartShouldSetResponder={[Function]}
    style={
      Object {
        "alignItems": "center",
        "backgroundColor": "#00ff40",
        "borderRadius": 20,
        "height": 40,
        "justifyContent": "center",
        "margin": "auto",
        "marginVertical": 10,
        "padding": 10,
        "width": 200,
      }
    }
  >
    <Text
      testID="btn3"
    >
      COGPE
    </Text>
  </View>
  <View
    accessible={true}
    focusable={true}
    onClick={[Function]}
    onResponderGrant={[Function]}
    onResponderMove={[Function]}
    onResponderRelease={[Function]}
    onResponderTerminate={[Function]}
    onResponderTerminationRequest={[Function]}
    onStartShouldSetResponder={[Function]}
    style={
      Object {
        "alignItems": "center",
        "backgroundColor": "#00ff40",
        "borderRadius": 20,
        "height": 40,
        "justifyContent": "center",
        "margin": "auto",
        "marginVertical": 10,
        "padding": 10,
        "width": 200,
      }
    }
  >
    <Text
      testID="btn4"
    >
      COAPAC
    </Text>
  </View>
  <View
    accessible={true}
    focusable={true}
    onClick={[Function]}
    onResponderGrant={[Function]}
    onResponderMove={[Function]}
    onResponderRelease={[Function]}
    onResponderTerminate={[Function]}
    onResponderTerminationRequest={[Function]}
    onStartShouldSetResponder={[Function]}
    style={
      Object {
        "alignItems": "center",
        "backgroundColor": "#00ff40",
        "borderRadius": 20,
        "height": 40,
        "justifyContent": "center",
        "margin": "auto",
        "marginVertical": 10,
        "padding": 10,
        "width": 200,
      }
    }
  >
    <Text
      testID="btn5"
    >
      COAES
    </Text>
  </View>
  <View
    accessible={true}
    focusable={true}
    onClick={[Function]}
    onResponderGrant={[Function]}
    onResponderMove={[Function]}
    onResponderRelease={[Function]}
    onResponderTerminate={[Function]}
    onResponderTerminationRequest={[Function]}
    onStartShouldSetResponder={[Function]}
    style={
      Object {
        "alignItems": "center",
        "backgroundColor": "#00ff40",
        "borderRadius": 20,
        "height": 40,
        "justifyContent": "center",
        "margin": "auto",
        "marginVertical": 10,
        "padding": 10,
        "width": 200,
      }
    }
  >
    <Text
      testID="btn6"
    >
      COEX
    </Text>
  </View>
  <View
    accessible={true}
    focusable={true}
    onClick={[Function]}
    onResponderGrant={[Function]}
    onResponderMove={[Function]}
    onResponderRelease={[Function]}
    onResponderTerminate={[Function]}
    onResponderTerminationRequest={[Function]}
    onStartShouldSetResponder={[Function]}
    style={
      Object {
        "alignItems": "center",
        "backgroundColor": "#00ff40",
        "borderRadius": 20,
        "height": 40,
        "justifyContent": "center",
        "margin": "auto",
        "marginVertical": 10,
        "padding": 10,
        "width": 200,
      }
    }
  >
    <Text
      testID="btn7"
    >
      COPEIN
    </Text>
  </View>
  <View
    accessible={true}
    focusable={true}
    onClick={[Function]}
    onResponderGrant={[Function]}
    onResponderMove={[Function]}
    onResponderRelease={[Function]}
    onResponderTerminate={[Function]}
    onResponderTerminationRequest={[Function]}
    onStartShouldSetResponder={[Function]}
    style={
      Object {
        "alignItems": "center",
        "backgroundColor": "#00ff40",
        "borderRadius": 20,
        "height": 40,
        "justifyContent": "center",
        "margin": "auto",
        "marginVertical": 10,
        "padding": 10,
        "width": 200,
      }
    }
  >
    <Text
      testID="btn8"
    >
      DIAC
    </Text>
  </View>
  <View
    accessible={true}
    focusable={true}
    onClick={[Function]}
    onResponderGrant={[Function]}
    onResponderMove={[Function]}
    onResponderRelease={[Function]}
    onResponderTerminate={[Function]}
    onResponderTerminationRequest={[Function]}
    onStartShouldSetResponder={[Function]}
    style={
      Object {
        "alignItems": "center",
        "backgroundColor": "#00ff40",
        "borderRadius": 20,
        "height": 40,
        "justifyContent": "center",
        "margin": "auto",
        "marginVertical": 10,
        "padding": 10,
        "width": 200,
      }
    }
  >
    <Text
      testID="btn9"
    >
      SEAC
    </Text>
  </View>
  <View
    accessible={true}
    focusable={true}
    onClick={[Function]}
    onResponderGrant={[Function]}
    onResponderMove={[Function]}
    onResponderRelease={[Function]}
    onResponderTerminate={[Function]}
    onResponderTerminationRequest={[Function]}
    onStartShouldSetResponder={[Function]}
    style={
      Object {
        "alignItems": "center",
        "backgroundColor": "#00ff40",
        "borderRadius": 20,
        "height": 40,
        "justifyContent": "center",
        "margin": "auto",
        "marginVertical": 10,
        "padding": 10,
        "width": 200,
      }
    }
  >
    <Text
      testID="btn10"
    >
      COLAB
    </Text>
  </View>
  <View
    accessible={true}
    focusable={true}
    onClick={[Function]}
    onResponderGrant={[Function]}
    onResponderMove={[Function]}
    onResponderRelease={[Function]}
    onResponderTerminate={[Function]}
    onResponderTerminationRequest={[Function]}
    onStartShouldSetResponder={[Function]}
    style={
      Object {
        "alignItems": "center",
        "backgroundColor": "#00ff40",
        "borderRadius": 20,
        "height": 40,
        "justifyContent": "center",
        "margin": "auto",
        "marginVertical": 10,
        "padding": 10,
        "width": 200,
      }
    }
  >
    <Text
      testID="btn11"
    >
      DIAD
    </Text>
  </View>
  <View
    accessible={true}
    focusable={true}
    onClick={[Function]}
    onResponderGrant={[Function]}
    onResponderMove={[Function]}
    onResponderRelease={[Function]}
    onResponderTerminate={[Function]}
    onResponderTerminationRequest={[Function]}
    onStartShouldSetResponder={[Function]}
    style={
      Object {
        "alignItems": "center",
        "backgroundColor": "#00ff40",
        "borderRadius": 20,
        "height": 40,
        "justifyContent": "center",
        "margin": "auto",
        "marginVertical": 10,
        "padding": 10,
        "width": 200,
      }
    }
  >
    <Text
      testID="btn12"
    >
      COSGEM
    </Text>
  </View>
  <View
    accessible={true}
    focusable={true}
    onClick={[Function]}
    onResponderGrant={[Function]}
    onResponderMove={[Function]}
    onResponderRelease={[Function]}
    onResponderTerminate={[Function]}
    onResponderTerminationRequest={[Function]}
    onStartShouldSetResponder={[Function]}
    style={
      Object {
        "alignItems": "center",
        "backgroundColor": "#00ff40",
        "borderRadius": 20,
        "height": 40,
        "justifyContent": "center",
        "margin": "auto",
        "marginVertical": 10,
        "padding": 10,
        "width": 200,
      }
    }
  >
    <Text
      testID="btn13"
    >
      COMPAT
    </Text>
  </View>
  <View
    accessible={true}
    focusable={true}
    onClick={[Function]}
    onResponderGrant={[Function]}
    onResponderMove={[Function]}
    onResponderRelease={[Function]}
    onResponderTerminate={[Function]}
    onResponderTerminationRequest={[Function]}
    onStartShouldSetResponder={[Function]}
    style={
      Object {
        "alignItems": "center",
        "backgroundColor": "#00ff40",
        "borderRadius": 20,
        "height": 40,
        "justifyContent": "center",
        "margin": "auto",
        "marginVertical": 10,
        "padding": 10,
        "width": 200,
      }
    }
  >
    <Text
      testID="btn14"
    >
      COFINC
    </Text>
  </View>
  <View
    accessible={true}
    focusable={true}
    onClick={[Function]}
    onResponderGrant={[Function]}
    onResponderMove={[Function]}
    onResponderRelease={[Function]}
    onResponderTerminate={[Function]}
    onResponderTerminationRequest={[Function]}
    onStartShouldSetResponder={[Function]}
    style={
      Object {
        "alignItems": "center",
        "backgroundColor": "#00ff40",
        "borderRadius": 20,
        "height": 40,
        "justifyContent": "center",
        "margin": "auto",
        "marginVertical": 10,
        "padding": 10,
        "width": 200,
      }
    }
  >
    <Text
      testID="btn15"
    >
      NAPNE
    </Text>
  </View>
  <View
    accessible={true}
    focusable={true}
    onClick={[Function]}
    onResponderGrant={[Function]}
    onResponderMove={[Function]}
    onResponderRelease={[Function]}
    onResponderTerminate={[Function]}
    onResponderTerminationRequest={[Function]}
    onStartShouldSetResponder={[Function]}
    style={
      Object {
        "alignItems": "center",
        "backgroundColor": "#00ff40",
        "borderRadius": 20,
        "height": 40,
        "justifyContent": "center",
        "margin": "auto",
        "marginVertical": 10,
        "padding": 10,
        "width": 200,
      }
    }
  >
    <Text
      testID="btn16"
    >
      NEABI
    </Text>
  </View>
  <View
    accessible={true}
    focusable={true}
    onClick={[Function]}
    onResponderGrant={[Function]}
    onResponderMove={[Function]}
    onResponderRelease={[Function]}
    onResponderTerminate={[Function]}
    onResponderTerminationRequest={[Function]}
    onStartShouldSetResponder={[Function]}
    style={
      Object {
        "alignItems": "center",
        "backgroundColor": "#00ff40",
        "borderRadius": 20,
        "height": 40,
        "justifyContent": "center",
        "margin": "auto",
        "marginVertical": 10,
        "padding": 10,
        "width": 200,
      }
    }
  >
    <Text
      testID="btn17"
    >
      NUARTE
    </Text>
  </View>
</View>
`;
